// Jest Snapshot v1, https://goo.gl/fbAQLP

exports[`Register 1`] = `
<div
  className="container"
>
  <div
    className="form-container"
  >
    <div
      className="form"
      onSubmit={[Function]}
    >
      <div>
        <h2>
          Register
        </h2>
        <input
          className="input"
          name="username"
          onChange={[Function]}
          placeholder="Username"
          type="text"
          value=""
        />
        <input
          className="input"
          name="email"
          onChange={[Function]}
          placeholder="Email"
          type="email"
          value=""
        />
        <input
          className="input"
          name="password"
          onChange={[Function]}
          placeholder="Password"
          type="password"
          value=""
        />
        <input
          className="input"
          name="passwordConfirmation"
          placeholder="Confirm Password"
          type="password"
        />
        <input
          onClick={[Function]}
          type="submit"
          value="Submit"
        />
      </div>
    </div>
  </div>
</div>
`;
