// Jest Snapshot v1, https://goo.gl/fbAQLP

exports[`SwimLane 1`] = `
<div
  className="swimLane"
>
  <div
    className="swimLane-title"
    style={
      Object {
        "backgroundColor": "red",
      }
    }
  >
    <p>
      Backlog
    </p>
  </div>
</div>
`;
