// Jest Snapshot v1, https://goo.gl/fbAQLP

exports[`App 1`] = `
<Router
  history={
    Object {
      "action": "POP",
      "block": [Function],
      "createHref": [Function],
      "go": [Function],
      "goBack": [Function],
      "goForward": [Function],
      "length": 1,
      "listen": [Function],
      "location": Object {
        "hash": "",
        "pathname": "/",
        "search": "",
        "state": undefined,
      },
      "push": [Function],
      "replace": [Function],
    }
  }
>
  <Switch>
    <Route
      path="/register"
    >
      <Register />
    </Route>
    <Route
      path="/login"
    >
      <Login />
    </Route>
    <PrivateRoute
      path="/taskboard"
    >
      <Connect(TaskBoard) />
    </PrivateRoute>
  </Switch>
</Router>
`;
